// Jest Snapshot v1, https://goo.gl/fbAQLP

exports[`Home page renders properly 1`] = `
<main
  aria-label="Home page"
>
  <section
    aria-labelledby="page-heading"
  >
    <h1
      id="page-heading"
    >
      Brittania
    </h1>
  </section>
  <section
    aria-labelledby="featured-heading"
  >
    <h2
      id="featured-heading"
    >
      Featured:
    </h2>
    <a
      data-testid="featured-link"
      href="/product/012"
    >
      featured-012
    </a>
    <a
      data-testid="featured-link"
      href="/product/345"
    >
      featured-345
    </a>
    <a
      data-testid="featured-link"
      href="/product/678"
    >
      featured-678
    </a>
  </section>
  <section
    aria-labelledby="catalog-heading"
  >
    <h2
      id="catalog-heading"
    >
      Catalog:
    </h2>
    <a
      data-testid="catalog-link"
      href="/catalog/?filter=01"
    >
      catalog-01
    </a>
    <a
      data-testid="catalog-link"
      href="/catalog/?filter=23"
    >
      catalog-23
    </a>
    <a
      data-testid="catalog-link"
      href="/catalog/?filter=45"
    >
      catalog-45
    </a>
    <a
      data-testid="catalog-link"
      href="/catalog/?filter=67"
    >
      catalog-67
    </a>
    <a
      data-testid="catalog-link"
      href="/catalog/?filter=89"
    >
      catalog-89
    </a>
  </section>
  <footer>
    <section
      aria-labelledby="about-heading"
    >
      <h3
        id="about-heading"
      >
        About Us
      </h3>
      <a
        data-testid="about-link"
        href="/"
      >
        blog
      </a>
      <a
        data-testid="about-link"
        href="/"
      >
        newsletter
      </a>
      <a
        data-testid="about-link"
        href="/"
      >
        Institutional
      </a>
    </section>
    <section
      aria-labelledby="service-heading"
    >
      <h3
        id="service-heading"
      >
        Customer Service
      </h3>
      <a
        data-testid="service-link"
        href="/"
      >
        Our Email
      </a>
      <a
        data-testid="service-link"
        href="/"
      >
        Phone Number
      </a>
      <a
        data-testid="service-link"
        href="/"
      >
        Whatsapp
      </a>
    </section>
  </footer>
</main>
`;
